// Bun Snapshot v1, https://bun.sh/docs/test/snapshots

exports[`a logical model with elements typed as the virtual R4 Base the transformed TypeSchema 1`] = `
[
  {
    "base": undefined,
    "dependencies": [
      {
        "kind": "primitive-type",
        "name": "string",
        "package": "hl7.fhir.r4.core",
        "url": "http://hl7.org/fhir/StructureDefinition/string",
        "version": "4.0.1",
      },
    ],
    "description": undefined,
    "fields": {
      "extension": {
        "array": false,
        "binding": undefined,
        "choiceOf": undefined,
        "choices": undefined,
        "enum": undefined,
        "excluded": false,
        "max": undefined,
        "min": undefined,
        "mustSupport": undefined,
        "reference": undefined,
        "required": false,
        "type": undefined,
        "valueConstraint": undefined,
      },
      "part": {
        "array": false,
        "excluded": false,
        "required": false,
        "type": {
          "kind": "nested",
          "name": "part",
          "package": "example.org",
          "url": "http://example.org/StructureDefinition/BaseElementDocument#part",
          "version": "0.0.1",
        },
      },
      "title": {
        "array": false,
        "binding": undefined,
        "choiceOf": undefined,
        "choices": undefined,
        "enum": undefined,
        "excluded": false,
        "max": undefined,
        "min": undefined,
        "mustSupport": undefined,
        "reference": undefined,
        "required": false,
        "type": {
          "kind": "primitive-type",
          "name": "string",
          "package": "hl7.fhir.r4.core",
          "url": "http://hl7.org/fhir/StructureDefinition/string",
          "version": "4.0.1",
        },
        "valueConstraint": undefined,
      },
    },
    "identifier": {
      "kind": "logical",
      "name": "BaseElementDocument",
      "package": "example.org",
      "url": "http://example.org/StructureDefinition/BaseElementDocument",
      "version": "0.0.1",
    },
    "nested": [
      {
        "fields": {
          "label": {
            "array": false,
            "binding": undefined,
            "choiceOf": undefined,
            "choices": undefined,
            "enum": undefined,
            "excluded": false,
            "max": undefined,
            "min": undefined,
            "mustSupport": undefined,
            "reference": undefined,
            "required": false,
            "type": {
              "kind": "primitive-type",
              "name": "string",
              "package": "hl7.fhir.r4.core",
              "url": "http://hl7.org/fhir/StructureDefinition/string",
              "version": "4.0.1",
            },
            "valueConstraint": undefined,
          },
        },
        "identifier": {
          "kind": "nested",
          "name": "part",
          "package": "example.org",
          "url": "http://example.org/StructureDefinition/BaseElementDocument#part",
          "version": "0.0.1",
        },
        "slicing": undefined,
      },
    ],
    "slicing": undefined,
    "typeFamily": undefined,
  },
]
`;

exports[`a logical model with elements typed as the virtual R4 Base the generated TypeScript module 1`] = `
"// WARNING: This file is autogenerated by @atomic-ehr/codegen.
// GitHub: https://github.com/atomic-ehr/codegen
// Any manual changes made to this file may be overwritten.


import type { Element } from "../hl7-fhir-r4-core/Element";
export interface BaseElementDocumentPart {
    label?: string;
}

// CanonicalURL: http://example.org/StructureDefinition/BaseElementDocument (pkg: example.org#0.0.1)
export interface BaseElementDocument {
    resourceType: "BaseElementDocument";

    part?: BaseElementDocumentPart;
    title?: string;
    _title?: Element;
}
export const isBaseElementDocument = (resource: unknown): resource is BaseElementDocument => {
    return resource !== null && typeof resource === "object" && (resource as {resourceType: string}).resourceType === "BaseElementDocument";
}
"
`;
